apiVersion: openshift-pipelines.org/v1alpha1
kind: ApprovalTask
metadata:
  creationTimestamp: null
  name: at-1
  namespace: foo
spec:
  approvers:
  - input: reject
    name: tekton
    type: User
  - input: pending
    name: cli
    type: User
  numberOfApprovalsRequired: 2
status:
  approvers:
  - tekton
  - cli
  approversResponse:
  - name: tekton
    response: rejected
    type: User
  state: rejected

